// Jest Snapshot v1, https://goo.gl/fbAQLP

exports[`Deber√≠a renderizar correctamente la grilla para un archivo 1`] = `
<div
  className="table-responsive"
>
  <table
    className="mt-2 table table-bordered table-hover"
  >
    <thead>
      <tr>
        <th>
          File name
        </th>
        <th>
          Text
        </th>
        <th>
          Number
        </th>
        <th>
          Hex
        </th>
      </tr>
    </thead>
    <tbody>
      <tr>
        <td
          className="align-middle"
          rowSpan={2}
        >
          test2.csv
        </td>
      </tr>
      <tr>
        <td>
          dfTwtPGBOHF
        </td>
        <td>
          374837
        </td>
        <td>
          282536d30b5b88249402318f14de59a5
        </td>
      </tr>
    </tbody>
  </table>
</div>
`;
